// Jest Snapshot v1, https://goo.gl/fbAQLP

exports[`ChangePreviousAnswersForm should match snapshot 1`] = `
<DocumentFragment>
  <form
    action="baseUrl/prevUrl"
    id="change-previous-answers-form"
    method="POST"
  >
    <input
      name="field1"
      type="hidden"
      value="value1"
    />
    <input
      name="field2"
      type="hidden"
      value="value2"
    />
    <div
      class="nhsuk-back-link"
    >
      <button
        class="nhsuk-back-link__link"
        id="back-link"
        type="submit"
      >
        <svg
          aria-hidden="true"
          class="nhsuk-icon nhsuk-icon__chevron-left"
          height="32"
          viewBox="0 0 24 24"
          width="32"
          xmlns="http://www.w3.org/2000/svg"
        >
          <path
            d="M8.5 12c0-.3.1-.5.3-.7l5-5c.4-.4 1-.4 1.4 0s.4 1 0 1.4L10.9 12l4.3 4.3c.4.4.4 1 0 1.4s-1 .4-1.4 0l-5-5c-.2-.2-.3-.4-.3-.7z"
          />
        </svg>
         Change my previous answers
      </button>
    </div>
  </form>
</DocumentFragment>
`;
