// Jest Snapshot v1, https://goo.gl/fbAQLP

exports[`ClientSideRoutingForm should match snapshot 1`] = `
<DocumentFragment>
  <form
    action="test/url"
    id="test"
    method="POST"
  >
    <div>
      test
    </div>
  </form>
</DocumentFragment>
`;
