// Jest Snapshot v1, https://goo.gl/fbAQLP

exports[`HeadTags should match snapshot  1`] = `<DocumentFragment />`;
