// Jest Snapshot v1, https://goo.gl/fbAQLP

exports[`RadioMultiValue should take its value from prevData rather than the default 1`] = `
<DocumentFragment>
  <div
    class="nhsuk-form-group"
  >
    <fieldset
      class="nhsuk-fieldset"
    >
      <legend
        class="nhsuk-fieldset__legend"
        id="diabetes-radios-label"
      >
        Diabetes
      </legend>
      <div
        class="nhsuk-form-group"
      >
        <div
          class="nhsuk-radios"
          id="diabetes"
          role="radiogroup"
        >
          <div
            class="nhsuk-radios__item"
          >
            <input
              aria-labelledby="diabetes-value1--label"
              checked=""
              class="nhsuk-radios__input"
              id="diabetes-value1"
              name="diabetes"
              required=""
              type="radio"
              value="value1"
            />
            <label
              class="nhsuk-label nhsuk-radios__label"
              for="diabetes-value1"
              id="diabetes-value1--label"
            >
              Value1
            </label>
          </div>
          <div
            class="nhsuk-radios__item"
          >
            <input
              aria-labelledby="diabetes-value2--label"
              class="nhsuk-radios__input"
              id="diabetes-value2"
              name="diabetes"
              required=""
              type="radio"
              value="value2"
            />
            <label
              class="nhsuk-label nhsuk-radios__label"
              for="diabetes-value2"
              id="diabetes-value2--label"
            >
              Value2
            </label>
          </div>
          <div
            class="nhsuk-radios__item"
          >
            <input
              aria-labelledby="diabetes-value3--label"
              class="nhsuk-radios__input"
              id="diabetes-value3"
              name="diabetes"
              required=""
              type="radio"
              value="value3"
            />
            <label
              class="nhsuk-label nhsuk-radios__label"
              for="diabetes-value3"
              id="diabetes-value3--label"
            >
              Value3
            </label>
          </div>
        </div>
      </div>
    </fieldset>
  </div>
</DocumentFragment>
`;

exports[`RadioMultiValue should take the default value when the field is not in prevData 1`] = `
<DocumentFragment>
  <div
    class="nhsuk-form-group"
  >
    <fieldset
      class="nhsuk-fieldset"
    >
      <legend
        class="nhsuk-fieldset__legend"
        id="diabetes-radios-label"
      >
        Diabetes
      </legend>
      <div
        class="nhsuk-form-group"
      >
        <div
          class="nhsuk-radios"
          id="diabetes"
          role="radiogroup"
        >
          <div
            class="nhsuk-radios__item"
          >
            <input
              aria-labelledby="diabetes-value1--label"
              class="nhsuk-radios__input"
              id="diabetes-value1"
              name="diabetes"
              required=""
              type="radio"
              value="value1"
            />
            <label
              class="nhsuk-label nhsuk-radios__label"
              for="diabetes-value1"
              id="diabetes-value1--label"
            >
              Value1
            </label>
          </div>
          <div
            class="nhsuk-radios__item"
          >
            <input
              aria-labelledby="diabetes-value2--label"
              checked=""
              class="nhsuk-radios__input"
              id="diabetes-value2"
              name="diabetes"
              required=""
              type="radio"
              value="value2"
            />
            <label
              class="nhsuk-label nhsuk-radios__label"
              for="diabetes-value2"
              id="diabetes-value2--label"
            >
              Value2
            </label>
          </div>
          <div
            class="nhsuk-radios__item"
          >
            <input
              aria-labelledby="diabetes-value3--label"
              class="nhsuk-radios__input"
              id="diabetes-value3"
              name="diabetes"
              required=""
              type="radio"
              value="value3"
            />
            <label
              class="nhsuk-label nhsuk-radios__label"
              for="diabetes-value3"
              id="diabetes-value3--label"
            >
              Value3
            </label>
          </div>
        </div>
      </div>
    </fieldset>
  </div>
</DocumentFragment>
`;
