// Jest Snapshot v1, https://goo.gl/fbAQLP

exports[`ReleaseVersion should match snapshot  1`] = `
<DocumentFragment>
  Version ==REPLACE_RELEASE_VERSION_TOKEN==
</DocumentFragment>
`;
