// Jest Snapshot v1, https://goo.gl/fbAQLP

exports[`UserIPAddress should match snapshot  1`] = `<DocumentFragment />`;
