// Jest Snapshot v1, https://goo.gl/fbAQLP

exports[`WarningBanner should match snapshot  1`] = `
<DocumentFragment>
  <div
    class="nhsuk-global-alert"
    id="nhsuk-global-alert"
    role="complementary"
  >
    <div
      class="nhsuk-width-container"
    >
      <div
        class="nhsuk-grid-row"
      >
        <div
          class="nhsuk-grid-column-full"
        >
          <div
            class="nhsuk-global-alert__content"
          >
            <div
              class="nhsuk-global-alert__message"
            >
              <p>
                <strong>
                  Important information:
                </strong>
                 This is a prototype for demonstration purposes, not a functioning clinical tool.
              </p>
            </div>
          </div>
        </div>
      </div>
    </div>
  </div>
</DocumentFragment>
`;
